for elements:
total sum: 775571.306961
for nodes:
total sum: 500911.382459
