Init Markov chain with 20 states, max fan-out 4
Run 10 iterations each.
Start with state 0 prob 1 ...
  result probs: p0 = 0.0640436, p1 = 0.0416841, p2 = 0.0542444, Sum: 1.000000
Start with state 1 prob 1 ...
  result probs: p0 = 0.0640095, p1 = 0.0423364, p2 = 0.0537867, Sum: 1.000000
Start with all probs equal ...
  result probs: p0 = 0.063492, p1 = 0.0418765, p2 = 0.0540845, Sum: 1.000000
