for elements:
total sum: 10000.000000
for nodes:
total sum: 100000.000000
