Init Markov chain with 500 states, max fan-out 5.
Running 10 iterations.
All initial values set to 0.002000.
Result probs: p0 = 0.00192899, p1 = 0.00169695, p2 = 0.00124505, Sum: 1.000000
