Res sum (regular): 416749995832500.000000
Res sum (reduce): 416749995832500.000000
